// Jest Snapshot v1, https://goo.gl/fbAQLP

exports[`awsSecretSources with creds 1`] = `
Array [
  Object {
    "secret": Object {
      "items": Array [
        Object {
          "key": "accessKeyId_name",
          "path": "aws_access_key_id",
        },
        Object {
          "key": "secretAccessKey_name",
          "path": "aws_secret_access_key",
        },
      ],
      "name": "secret_name",
    },
  },
]
`;

exports[`awsSecretSources without creds 1`] = `Array []`;
