// Jest Snapshot v1, https://goo.gl/fbAQLP

exports[`dockerHubSecretEnv with input 1`] = `
Array [
  Object {
    "name": "DOCKER_HUB_USERNAME",
    "valueFrom": Object {
      "secretKeyRef": Object {
        "key": "username_value",
        "name": "secret_value",
      },
    },
  },
  Object {
    "name": "DOCKER_HUB_PASSWORD",
    "valueFrom": Object {
      "secretKeyRef": Object {
        "key": "password_value",
        "name": "secret_value",
      },
    },
  },
]
`;

exports[`dockerHubSecretEnv without input 1`] = `Array []`;
