// Jest Snapshot v1, https://goo.gl/fbAQLP

exports[`gcpSecretSources 1`] = `
Array [
  Object {
    "secret": Object {
      "items": Array [
        Object {
          "key": "serviceAccountKey_value",
          "path": "gcp_service_account.json",
        },
      ],
      "name": "secret_value",
    },
  },
]
`;

exports[`gcpSecretSources empty 1`] = `Array []`;
