// Jest Snapshot v1, https://goo.gl/fbAQLP

exports[`gitRepositorySshSecretEnv 1`] = `
Array [
  Object {
    "name": "SSH_PASSPHRASE",
    "valueFrom": Object {
      "secretKeyRef": Object {
        "key": "passphrase_value",
        "name": "secret_value",
      },
    },
  },
  Object {
    "name": "SSH_KEY",
    "valueFrom": Object {
      "secretKeyRef": Object {
        "key": "key_value",
        "name": "secret_value",
      },
    },
  },
]
`;

exports[`gitRepositorySshSecretEnv empty 1`] = `Array []`;
