// Jest Snapshot v1, https://goo.gl/fbAQLP

exports[`convertQuantities with Quantity 1`] = `
Object {
  "num": Quantity {
    "value": 10,
  },
}
`;

exports[`convertQuantities with number 1`] = `
Object {
  "num": Quantity {
    "value": 10,
  },
}
`;

exports[`debugId no value 1`] = `"undefined:undefined"`;

exports[`debugId undefined 1`] = `"undefined:undefined"`;

exports[`misc getRepo no spec and status 1`] = `
Object {
  "apiVersion": "apiVersion_value",
  "kind": "kind_version",
  "metadata": Object {
    "namespace": "namespace_value",
  },
  "spec": Object {
    "branch": "",
    "ssh": null,
    "url": "",
  },
  "status": Object {
    "latestCommit": "",
  },
}
`;
